<!doctype html public "-//w3c//dtd html 4.0 transitional//en">
<html><head>
<title>Static Call Graph - [.\Objects\test.axf]</title></head>
<body><HR>
<H1>Static Call Graph for image .\Objects\test.axf</H1><HR>
<BR><P>#&#060CALLGRAPH&#062# ARM Linker, 6160001: Last Updated: Wed Mar  2 14:49:01 2022
<BR><P>
<H3>Maximum Stack Usage =          0 bytes + Unknown(Untraceable Function Pointers)</H3><H3>
Call chain for Maximum Stack Depth:</H3>

<P>
<H3>
Function Pointers
</H3><UL>
 <LI><a href="#[0]">Main</a> from myassembly.o(MyCode) referenced from myassembly.o(RESET)
</UL>
<P>
<H3>
Global Symbols
</H3><P>
<H3>
Local Symbols
</H3>
<P><STRONG><a name="[0]"></a>Main</STRONG> (Thumb, 84 bytes, Stack size 0 bytes, myassembly.o(MyCode))
<BR>[Address Reference Count : 1]<UL><LI> myassembly.o(RESET)
</UL><P>
<H3>
Undefined Global Symbols
</H3><HR></body></html>
