Component: ARM Compiler 6.16 Tool: armlink [5dfeaa00]

==============================================================================

Section Cross References

    myassembly.o(RESET) refers to myassembly.o(MyCode) for Main
    myassembly.o(MyCode) refers to myassembly.o(STACK_POINTER_AREA) for STACK_POINTER


==============================================================================

Image Symbol Table

    Local Symbols

    Symbol Name                              Value     Ov Type        Size  Object(Section)

    myAssembly.s                             0x00000000   Number         0  myassembly.o ABSOLUTE
    RESET                                    0x08000000   Section        8  myassembly.o(RESET)
    $v0                                      0x08000008   Number         0  myassembly.o(MyCode)
    Main                                     0x08000009   Thumb Code    84  myassembly.o(MyCode)
    MyCode                                   0x08000008   Section       88  myassembly.o(MyCode)
    STACK_POINTER                            0x20000000   Data          24  myassembly.o(STACK_POINTER_AREA)
    STACK_POINTER_AREA                       0x20000000   Section       24  myassembly.o(STACK_POINTER_AREA)

    Global Symbols

    Symbol Name                              Value     Ov Type        Size  Object(Section)

    BuildAttributes$$THM_ISAv4$E$P$D$K$B$S$7EM$VFPi3$EXTD16$VFPS$VFMA$PE$A:L22UL41UL21$X:L11$S22US41US21$IEEE1$~IW$USESV6$~STKCKD$USESV7$~SHL$OSPACE$EBA8$STANDARDLIB$EABIv2 0x00000000   Number         0  anon$$obj.o ABSOLUTE



==============================================================================

Memory Map of the image

  Image Entry point : 0x08000009

  Load Region LR_IROM1 (Base: 0x08000000, Size: 0x00000078, Max: 0x00080000, ABSOLUTE)

    Execution Region ER_IROM1 (Exec base: 0x08000000, Load base: 0x08000000, Size: 0x00000060, Max: 0x00080000, ABSOLUTE)

    Exec Addr    Load Addr    Size         Type   Attr      Idx    E Section Name        Object

    0x08000000   0x08000000   0x00000008   Data   RO            1    RESET               myassembly.o
    0x08000008   0x08000008   0x00000058   Code   RO            3  * MyCode              myassembly.o


    Execution Region RW_IRAM1 (Exec base: 0x20000000, Load base: 0x08000060, Size: 0x00000018, Max: 0x00018000, ABSOLUTE)

    Exec Addr    Load Addr    Size         Type   Attr      Idx    E Section Name        Object

    0x20000000   0x08000060   0x00000018   Data   RW            2    STACK_POINTER_AREA  myassembly.o


==============================================================================

Image component sizes


      Code (inc. data)   RO Data    RW Data    ZI Data      Debug   Object Name

        88          4          8         24          0        404   myassembly.o

    ----------------------------------------------------------------------
        88          4          8         24          0        404   Object Totals
         0          0          0          0          0          0   (incl. Generated)
         0          0          0          0          0          0   (incl. Padding)

    ----------------------------------------------------------------------
         0          0          0          0          0          0   Library Totals
         0          0          0          0          0          0   (incl. Padding)

    ----------------------------------------------------------------------

==============================================================================


      Code (inc. data)   RO Data    RW Data    ZI Data      Debug   

        88          4          8         24          0        404   Grand Totals
        88          4          8         24          0        404   ELF Image Totals
        88          4          8         24          0          0   ROM Totals

==============================================================================

    Total RO  Size (Code + RO Data)                   96 (   0.09kB)
    Total RW  Size (RW Data + ZI Data)                24 (   0.02kB)
    Total ROM Size (Code + RO Data + RW Data)        120 (   0.12kB)

==============================================================================

